make[1]: Entering directory '/mnt/d/Tiny-Tapeout/tb/peripheral'
rm -f results.xml
"make" -f Makefile results.xml
make[2]: Entering directory '/mnt/d/Tiny-Tapeout/tb/peripheral'
/usr/bin/iverilog -o sim_build/sim.vvp -s tt_um_micro -g2012 -f sim_build/cmds.f  /mnt/d/Tiny-Tapeout/tb/peripheral/../../src/tt_um_micro.v /mnt/d/Tiny-Tapeout/tb/peripheral/../../src/cpu_core.v /mnt/d/Tiny-Tapeout/tb/peripheral/../../src/uart.v
/home/maadesh/.local/lib/python3.12/site-packages/cocotb_tools/makefiles/simulators/Makefile.icarus:66: Using MODULE is deprecated, please use COCOTB_TEST_MODULES instead.
rm -f results.xml
COCOTB_TEST_MODULES=tb_peripheral COCOTB_TESTCASE= COCOTB_TEST_FILTER= COCOTB_TOPLEVEL=tt_um_micro TOPLEVEL_LANG=verilog \
         /usr/bin/vvp -M /home/maadesh/.local/lib/python3.12/site-packages/cocotb/libs -m libcocotbvpi_icarus   sim_build/sim.vvp   
     -.--ns INFO     gpi                                ..mbed/gpi_embed.cpp:93   in _embed_init_python              Using Python 3.12.4 interpreter at /usr/bin/python3
     -.--ns INFO     gpi                                ../gpi/GpiCommon.cpp:79   in gpi_print_registered_impl       VPI registered
     0.00ns INFO     cocotb                             Running on Icarus Verilog version 12.0 (stable)
     0.00ns INFO     cocotb                             Seeding Python random module with 1788012738
     0.00ns INFO     cocotb                             Initialized cocotb v2.0.1 from /home/maadesh/.local/lib/python3.12/site-packages/cocotb
     0.00ns DEBUG    cocotb.regression                  Registered test 'tb_peripheral.test_peripheral'
     0.00ns DEBUG    cocotb.regression                  Registered test 'tb_peripheral.test_pwm'
     0.00ns DEBUG    cocotb.regression                  Registered test 'tb_peripheral.test_wdt'
     0.00ns INFO     cocotb                             Running tests
     0.00ns INFO     cocotb.regression                  running tb_peripheral.test_peripheral (1/3)
                                                            Test UART TX and Hardware Timer
     0.00ns WARNING  py.warnings                        /mnt/d/Tiny-Tapeout/tb/peripheral/tb_peripheral.py:18: DeprecationWarning: The 'units' argument has been renamed to 'unit'.
                                                          cocotb.start_soon(Clock(dut.clk, 20, units="ns").start())
   440.00ns INFO     cocotb.tt_um_micro                 UART Start bit detected!
 74220.00ns INFO     cocotb.tt_um_micro                 Received UART byte: 0x41
 74220.00ns INFO     cocotb.tt_um_micro                 Peripheral test passed!
 74220.00ns INFO     cocotb.regression                  tb_peripheral.test_peripheral passed
 74220.00ns INFO     cocotb.regression                  running tb_peripheral.test_pwm (2/3)
                                                            Test PWM Output
 74220.00ns WARNING  py.warnings                        /mnt/d/Tiny-Tapeout/tb/peripheral/tb_peripheral.py:79: DeprecationWarning: The 'units' argument has been renamed to 'unit'.
                                                          cocotb.start_soon(Clock(dut.clk, 20, units='ns').start())
 79880.00ns INFO     cocotb.tt_um_micro                 PWM High Cycles: 64
 79880.00ns INFO     cocotb.regression                  tb_peripheral.test_pwm passed
 79880.00ns INFO     cocotb.regression                  running tb_peripheral.test_wdt (3/3)
                                                            Test Hardware Watchdog Timer Reset
 79880.00ns WARNING  py.warnings                        /mnt/d/Tiny-Tapeout/tb/peripheral/tb_peripheral.py:121: DeprecationWarning: The 'units' argument has been renamed to 'unit'.
                                                          cocotb.start_soon(Clock(dut.clk, 20, units='ns').start())
 80420.00ns INFO     cocotb.tt_um_micro                 Waiting for WDT overflow (65535 cycles)...
1392520.00ns INFO     cocotb.tt_um_micro                 After WDT: PC=6, ACC=170
1392520.00ns INFO     cocotb.regression                  tb_peripheral.test_wdt passed
1392520.00ns INFO     cocotb.regression                  ***************************************************************************************
                                                         ** TEST                           STATUS  SIM TIME (ns)  REAL TIME (s)  RATIO (ns/s) **
                                                         ***************************************************************************************
                                                         ** tb_peripheral.test_peripheral   PASS       74220.00           1.72      43253.99  **
                                                         ** tb_peripheral.test_pwm          PASS        5660.00           0.12      45434.25  **
                                                         ** tb_peripheral.test_wdt          PASS     1312640.00          32.05      40951.93  **
                                                         ***************************************************************************************
                                                         ** TESTS=3 PASS=3 FAIL=0 SKIP=0             1392520.00          33.90      41075.68  **
                                                         ***************************************************************************************
make[2]: Leaving directory '/mnt/d/Tiny-Tapeout/tb/peripheral'
make[1]: Leaving directory '/mnt/d/Tiny-Tapeout/tb/peripheral'
