make[1]: Entering directory '/mnt/d/Tiny-Tapeout/tb/stress'
rm -f results.xml
"make" -f Makefile results.xml
make[2]: Entering directory '/mnt/d/Tiny-Tapeout/tb/stress'
/usr/bin/iverilog -o sim_build/sim.vvp -s tt_um_micro -g2012 -f sim_build/cmds.f  /mnt/d/Tiny-Tapeout/tb/stress/../../src/tt_um_micro.v /mnt/d/Tiny-Tapeout/tb/stress/../../src/cpu_core.v /mnt/d/Tiny-Tapeout/tb/stress/../../src/uart.v
/home/maadesh/.local/lib/python3.12/site-packages/cocotb_tools/makefiles/simulators/Makefile.icarus:66: Using MODULE is deprecated, please use COCOTB_TEST_MODULES instead.
rm -f results.xml
COCOTB_TEST_MODULES=tb_stress COCOTB_TESTCASE= COCOTB_TEST_FILTER= COCOTB_TOPLEVEL=tt_um_micro TOPLEVEL_LANG=verilog \
         /usr/bin/vvp -M /home/maadesh/.local/lib/python3.12/site-packages/cocotb/libs -m libcocotbvpi_icarus   sim_build/sim.vvp   
     -.--ns INFO     gpi                                ..mbed/gpi_embed.cpp:93   in _embed_init_python              Using Python 3.12.4 interpreter at /usr/bin/python3
     -.--ns INFO     gpi                                ../gpi/GpiCommon.cpp:79   in gpi_print_registered_impl       VPI registered
     0.00ns INFO     cocotb                             Running on Icarus Verilog version 12.0 (stable)
     0.00ns INFO     cocotb                             Seeding Python random module with 1788012734
     0.00ns INFO     cocotb                             Initialized cocotb v2.0.1 from /home/maadesh/.local/lib/python3.12/site-packages/cocotb
     0.00ns DEBUG    cocotb.regression                  Registered test 'tb_stress.test_stress'
     0.00ns INFO     cocotb                             Running tests
     0.00ns INFO     cocotb.regression                  running tb_stress.test_stress (1/1)
                                                            Run a randomized sequence of instructions to ensure no FSM lockup.
     0.00ns WARNING  py.warnings                        /mnt/d/Tiny-Tapeout/tb/stress/tb_stress.py:17: DeprecationWarning: The 'units' argument has been renamed to 'unit'.
                                                          cocotb.start_soon(Clock(dut.clk, 20, units="ns").start())
 40120.00ns INFO     cocotb.tt_um_micro                 Stress test completed without lockup!
 40120.00ns INFO     cocotb.regression                  tb_stress.test_stress passed
 40120.00ns INFO     cocotb.regression                  **************************************************************************************
                                                        ** TEST                          STATUS  SIM TIME (ns)  REAL TIME (s)  RATIO (ns/s) **
                                                        **************************************************************************************
                                                        ** tb_stress.test_stress          PASS       40120.00           0.90      44446.22  **
                                                        **************************************************************************************
                                                        ** TESTS=1 PASS=1 FAIL=0 SKIP=0              40120.00           0.91      44321.17  **
                                                        **************************************************************************************
make[2]: Leaving directory '/mnt/d/Tiny-Tapeout/tb/stress'
make[1]: Leaving directory '/mnt/d/Tiny-Tapeout/tb/stress'
