make[1]: Entering directory '/mnt/d/Tiny-Tapeout/tb/isa'
rm -f results.xml
"make" -f Makefile results.xml
make[2]: Entering directory '/mnt/d/Tiny-Tapeout/tb/isa'
/usr/bin/iverilog -o sim_build/sim.vvp -s tt_um_micro -g2012 -f sim_build/cmds.f  /mnt/d/Tiny-Tapeout/tb/isa/../../src/tt_um_micro.v /mnt/d/Tiny-Tapeout/tb/isa/../../src/cpu_core.v /mnt/d/Tiny-Tapeout/tb/isa/../../src/uart.v
/home/maadesh/.local/lib/python3.12/site-packages/cocotb_tools/makefiles/simulators/Makefile.icarus:66: Using MODULE is deprecated, please use COCOTB_TEST_MODULES instead.
rm -f results.xml
COCOTB_TEST_MODULES=tb_isa COCOTB_TESTCASE= COCOTB_TEST_FILTER= COCOTB_TOPLEVEL=tt_um_micro TOPLEVEL_LANG=verilog \
         /usr/bin/vvp -M /home/maadesh/.local/lib/python3.12/site-packages/cocotb/libs -m libcocotbvpi_icarus   sim_build/sim.vvp   
     -.--ns INFO     gpi                                ..mbed/gpi_embed.cpp:93   in _embed_init_python              Using Python 3.12.4 interpreter at /usr/bin/python3
     -.--ns INFO     gpi                                ../gpi/GpiCommon.cpp:79   in gpi_print_registered_impl       VPI registered
     0.00ns INFO     cocotb                             Running on Icarus Verilog version 12.0 (stable)
     0.00ns INFO     cocotb                             Seeding Python random module with 1788012732
     0.00ns INFO     cocotb                             Initialized cocotb v2.0.1 from /home/maadesh/.local/lib/python3.12/site-packages/cocotb
     0.00ns DEBUG    cocotb.regression                  Registered test 'tb_isa.test_isa'
     0.00ns INFO     cocotb                             Running tests
     0.00ns INFO     cocotb.regression                  running tb_isa.test_isa (1/1)
     0.00ns WARNING  py.warnings                        /mnt/d/Tiny-Tapeout/tb/isa/tb_isa.py:16: DeprecationWarning: The 'units' argument has been renamed to 'unit'.
                                                          cocotb.start_soon(Clock(dut.clk, 20, units="ns").start())
  1720.00ns INFO     cocotb.tt_um_micro                 ISA test passed successfully with coverage!
  1720.00ns INFO     cocotb.regression                  tb_isa.test_isa passed
  1720.00ns INFO     cocotb.regression                  **************************************************************************************
                                                        ** TEST                          STATUS  SIM TIME (ns)  REAL TIME (s)  RATIO (ns/s) **
                                                        **************************************************************************************
                                                        ** tb_isa.test_isa                PASS        1720.00           0.05      37185.46  **
                                                        **************************************************************************************
                                                        ** TESTS=1 PASS=1 FAIL=0 SKIP=0               1720.00           0.05      35341.39  **
                                                        **************************************************************************************
make[2]: Leaving directory '/mnt/d/Tiny-Tapeout/tb/isa'
make[1]: Leaving directory '/mnt/d/Tiny-Tapeout/tb/isa'
